2026-09-26T05:06:28+02:00 BEGIN (routine: VM and background workloads not paused)
2026-09-26T05:06:29+02:00 START nemotron35-lightning-q4_0-b11146-p512-n128-r10
2026-09-26T05:06:57+02:00 END nemotron35-lightning-q4_0-b11146-p512-n128-r10 rc=0
2026-09-26T05:07:07+02:00 START nemotron35-lightning-q4_0-b11146-pp8192-r3
2026-09-26T05:07:34+02:00 END nemotron35-lightning-q4_0-b11146-pp8192-r3 rc=0
2026-09-26T05:07:44+02:00 START nemotron35-lightning-q4_0-b11146-tg128-d8192-r3
2026-09-26T05:07:59+02:00 END nemotron35-lightning-q4_0-b11146-tg128-d8192-r3 rc=0
2026-09-26T05:08:09+02:00 START nemotron35-lightning-q4_0-smoke-arith-run1
2026-09-26T05:08:17+02:00 END nemotron35-lightning-q4_0-smoke-arith-run1 rc=0
2026-09-26T05:08:22+02:00 START nemotron35-lightning-q4_0-smoke-code-run1
2026-09-26T05:08:38+02:00 END nemotron35-lightning-q4_0-smoke-code-run1 rc=0
2026-09-26T05:08:43+02:00 START nemotron35-lightning-q4_0-smoke-arith-run2
2026-09-26T05:08:50+02:00 END nemotron35-lightning-q4_0-smoke-arith-run2 rc=0
2026-09-26T05:08:55+02:00 START nemotron35-lightning-q4_0-smoke-code-run2
2026-09-26T05:09:10+02:00 END nemotron35-lightning-q4_0-smoke-code-run2 rc=0
2026-09-26T05:09:16+02:00 START laguna-xs21-q4km-b11146-p512-n128-r10
2026-09-26T05:09:38+02:00 END laguna-xs21-q4km-b11146-p512-n128-r10 rc=0
2026-09-26T05:09:48+02:00 START laguna-xs21-q4km-b11146-pp8192-r3
2026-09-26T05:10:23+02:00 END laguna-xs21-q4km-b11146-pp8192-r3 rc=0
2026-09-26T05:10:33+02:00 START laguna-xs21-q4km-b11146-tg128-d8192-r3
2026-09-26T05:10:49+02:00 END laguna-xs21-q4km-b11146-tg128-d8192-r3 rc=0
2026-09-26T05:10:59+02:00 START laguna-xs21-q4km-smoke-arith-run1
2026-09-26T05:11:15+02:00 END laguna-xs21-q4km-smoke-arith-run1 rc=0
2026-09-26T05:11:20+02:00 START laguna-xs21-q4km-smoke-code-run1
2026-09-26T05:11:36+02:00 END laguna-xs21-q4km-smoke-code-run1 rc=0
2026-09-26T05:11:41+02:00 START laguna-xs21-q4km-smoke-arith-run2
2026-09-26T05:11:56+02:00 END laguna-xs21-q4km-smoke-arith-run2 rc=0
2026-09-26T05:12:01+02:00 START laguna-xs21-q4km-smoke-code-run2
2026-09-26T05:12:18+02:00 END laguna-xs21-q4km-smoke-code-run2 rc=0
2026-09-26T05:12:23+02:00 START muse-glimmer-30b-q4km-b11146-p512-n128-r10
2026-09-26T05:14:18+02:00 END muse-glimmer-30b-q4km-b11146-p512-n128-r10 rc=0
2026-09-26T05:14:28+02:00 START muse-glimmer-30b-q4km-b11146-pp8192-r3
2026-09-26T05:16:05+02:00 END muse-glimmer-30b-q4km-b11146-pp8192-r3 rc=0
2026-09-26T05:16:15+02:00 START muse-glimmer-30b-q4km-b11146-tg128-d8192-r3
2026-09-26T05:17:11+02:00 END muse-glimmer-30b-q4km-b11146-tg128-d8192-r3 rc=0
2026-09-26T05:17:21+02:00 START muse-glimmer-30b-q4km-smoke-arith-run1
2026-09-26T05:17:32+02:00 END muse-glimmer-30b-q4km-smoke-arith-run1 rc=0
2026-09-26T05:17:37+02:00 START muse-glimmer-30b-q4km-smoke-code-run1
2026-09-26T05:18:16+02:00 END muse-glimmer-30b-q4km-smoke-code-run1 rc=0
2026-09-26T05:18:21+02:00 START muse-glimmer-30b-q4km-smoke-arith-run2
2026-09-26T05:18:32+02:00 END muse-glimmer-30b-q4km-smoke-arith-run2 rc=0
2026-09-26T05:18:37+02:00 START muse-glimmer-30b-q4km-smoke-code-run2
2026-09-26T05:19:15+02:00 END muse-glimmer-30b-q4km-smoke-code-run2 rc=0
2026-09-26T05:19:31+02:00 DONE
2026-09-26T05:19:52+02:00 BEGIN samples pass (routine: nothing paused)
2026-09-26T05:19:52+02:00 START nemotron35-lightning-q4_0-b11146-p512-n128-r10-pass2
2026-09-26T05:20:17+02:00 END nemotron35-lightning-q4_0-b11146-p512-n128-r10-pass2 rc=0
2026-09-26T05:20:27+02:00 START laguna-xs21-q4km-b11146-p512-n128-r10-pass2
2026-09-26T05:20:50+02:00 END laguna-xs21-q4km-b11146-p512-n128-r10-pass2 rc=0
2026-09-26T05:21:00+02:00 START muse-glimmer-30b-q4km-b11146-p512-n128-r10-pass2
2026-09-26T05:22:55+02:00 END muse-glimmer-30b-q4km-b11146-p512-n128-r10-pass2 rc=0
2026-09-26T05:23:05+02:00 DONE samples pass
2026-09-26T05:23:42+02:00 START laguna-xs21-q4km-smoke-code-n4096-run1
2026-09-26T05:24:00+02:00 END laguna-xs21-q4km-smoke-code-n4096-run1 rc=0
2026-09-26T05:24:05+02:00 START laguna-xs21-q4km-smoke-code-n4096-run2
2026-09-26T05:24:22+02:00 END laguna-xs21-q4km-smoke-code-n4096-run2 rc=0
